MemTotal:       18794020 kB
MemFree:         8169836 kB
MemAvailable:   12853652 kB
Buffers:          378260 kB
Cached:          4263704 kB
SwapCached:            0 kB
Active:          5948076 kB
Inactive:        2855088 kB
Active(anon):    4154804 kB
Inactive(anon):   197792 kB
Active(file):    1793272 kB
Inactive(file):  2657296 kB
Unevictable:         176 kB
Mlocked:             176 kB
SwapTotal:       1459804 kB
SwapFree:        1459804 kB
Dirty:                 4 kB
Writeback:             0 kB
AnonPages:       4161288 kB
Mapped:           860272 kB
Shmem:            208576 kB
KReclaimable:     588048 kB
Slab:             794008 kB
SReclaimable:     588048 kB
SUnreclaim:       205960 kB
KernelStack:       18784 kB
PageTables:        39852 kB
NFS_Unstable:          0 kB
Bounce:                0 kB
WritebackTmp:          0 kB
CommitLimit:    10856812 kB
Committed_AS:   11192960 kB
VmallocTotal:   34359738367 kB
VmallocUsed:       45408 kB
VmallocChunk:          0 kB
Percpu:           119808 kB
HardwareCorrupted:     0 kB
AnonHugePages:         0 kB
ShmemHugePages:        0 kB
ShmemPmdMapped:        0 kB
FileHugePages:         0 kB
FilePmdMapped:         0 kB
CmaTotal:              0 kB
CmaFree:               0 kB
HugePages_Total:       0
HugePages_Free:        0
HugePages_Rsvd:        0
HugePages_Surp:        0
Hugepagesize:       2048 kB
Hugetlb:               0 kB
DirectMap4k:      636736 kB
DirectMap2M:    10246144 kB
DirectMap1G:     9437184 kB